Archive member included to satisfy reference by file (symbol)

c:/program files (x86)/gnu tools arm embedded/6 2017-q2-update/bin/../lib/gcc/arm-none-eabi/6.3.1/../../../../arm-none-eabi/lib/thumb/v7e-m\libg.a(lib_a-malloc.o)
                              ..\obj\main.o (malloc)
c:/program files (x86)/gnu tools arm embedded/6 2017-q2-update/bin/../lib/gcc/arm-none-eabi/6.3.1/../../../../arm-none-eabi/lib/thumb/v7e-m\libg.a(lib_a-mallocr.o)
                              c:/program files (x86)/gnu tools arm embedded/6 2017-q2-update/bin/../lib/gcc/arm-none-eabi/6.3.1/../../../../arm-none-eabi/lib/thumb/v7e-m\libg.a(lib_a-malloc.o) (_malloc_r)
c:/program files (x86)/gnu tools arm embedded/6 2017-q2-update/bin/../lib/gcc/arm-none-eabi/6.3.1/../../../../arm-none-eabi/lib/thumb/v7e-m\libg.a(lib_a-mlock.o)
                              c:/program files (x86)/gnu tools arm embedded/6 2017-q2-update/bin/../lib/gcc/arm-none-eabi/6.3.1/../../../../arm-none-eabi/lib/thumb/v7e-m\libg.a(lib_a-mallocr.o) (__malloc_lock)
c:/program files (x86)/gnu tools arm embedded/6 2017-q2-update/bin/../lib/gcc/arm-none-eabi/6.3.1/../../../../arm-none-eabi/lib/thumb/v7e-m\libg.a(lib_a-sbrkr.o)
                              c:/program files (x86)/gnu tools arm embedded/6 2017-q2-update/bin/../lib/gcc/arm-none-eabi/6.3.1/../../../../arm-none-eabi/lib/thumb/v7e-m\libg.a(lib_a-mallocr.o) (_sbrk_r)
c:/program files (x86)/gnu tools arm embedded/6 2017-q2-update/bin/../lib/gcc/arm-none-eabi/6.3.1/../../../../arm-none-eabi/lib/thumb/v7e-m\libg.a(lib_a-strlen.o)
                              ..\obj\main.o (strlen)
c:/program files (x86)/gnu tools arm embedded/6 2017-q2-update/bin/../lib/gcc/arm-none-eabi/6.3.1/../../../../arm-none-eabi/lib/thumb/v7e-m\libg.a(lib_a-freer.o)
                              c:/program files (x86)/gnu tools arm embedded/6 2017-q2-update/bin/../lib/gcc/arm-none-eabi/6.3.1/../../../../arm-none-eabi/lib/thumb/v7e-m\libg.a(lib_a-malloc.o) (_free_r)
c:/program files (x86)/gnu tools arm embedded/6 2017-q2-update/bin/../lib/gcc/arm-none-eabi/6.3.1/../../../../arm-none-eabi/lib/thumb/v7e-m\libg.a(lib_a-impure.o)
                              c:/program files (x86)/gnu tools arm embedded/6 2017-q2-update/bin/../lib/gcc/arm-none-eabi/6.3.1/../../../../arm-none-eabi/lib/thumb/v7e-m\libg.a(lib_a-malloc.o) (_impure_ptr)
c:/program files (x86)/gnu tools arm embedded/6 2017-q2-update/bin/../lib/gcc/arm-none-eabi/6.3.1/../../../../arm-none-eabi/lib/thumb/v7e-m\libg.a(lib_a-lock.o)
                              c:/program files (x86)/gnu tools arm embedded/6 2017-q2-update/bin/../lib/gcc/arm-none-eabi/6.3.1/../../../../arm-none-eabi/lib/thumb/v7e-m\libg.a(lib_a-mlock.o) (__retarget_lock_acquire_recursive)
c:/program files (x86)/gnu tools arm embedded/6 2017-q2-update/bin/../lib/gcc/arm-none-eabi/6.3.1/../../../../arm-none-eabi/lib/thumb/v7e-m\libg.a(lib_a-reent.o)
                              c:/program files (x86)/gnu tools arm embedded/6 2017-q2-update/bin/../lib/gcc/arm-none-eabi/6.3.1/../../../../arm-none-eabi/lib/thumb/v7e-m\libg.a(lib_a-sbrkr.o) (errno)

Allocating common symbols
Common symbol       size              file

__lock___atexit_recursive_mutex
                    0x1               c:/program files (x86)/gnu tools arm embedded/6 2017-q2-update/bin/../lib/gcc/arm-none-eabi/6.3.1/../../../../arm-none-eabi/lib/thumb/v7e-m\libg.a(lib_a-lock.o)
APP_Tx_Buffer       0x80              ..\obj\usbd_cdc_vcp.o
__lock___arc4random_mutex
                    0x1               c:/program files (x86)/gnu tools arm embedded/6 2017-q2-update/bin/../lib/gcc/arm-none-eabi/6.3.1/../../../../arm-none-eabi/lib/thumb/v7e-m\libg.a(lib_a-lock.o)
errno               0x4               c:/program files (x86)/gnu tools arm embedded/6 2017-q2-update/bin/../lib/gcc/arm-none-eabi/6.3.1/../../../../arm-none-eabi/lib/thumb/v7e-m\libg.a(lib_a-reent.o)
APP_tx_in_cnt       0x1               ..\obj\usbd_cdc_vcp.o
__lock___env_recursive_mutex
                    0x1               c:/program files (x86)/gnu tools arm embedded/6 2017-q2-update/bin/../lib/gcc/arm-none-eabi/6.3.1/../../../../arm-none-eabi/lib/thumb/v7e-m\libg.a(lib_a-lock.o)
__lock___sinit_recursive_mutex
                    0x1               c:/program files (x86)/gnu tools arm embedded/6 2017-q2-update/bin/../lib/gcc/arm-none-eabi/6.3.1/../../../../arm-none-eabi/lib/thumb/v7e-m\libg.a(lib_a-lock.o)
__lock___malloc_recursive_mutex
                    0x1               c:/program files (x86)/gnu tools arm embedded/6 2017-q2-update/bin/../lib/gcc/arm-none-eabi/6.3.1/../../../../arm-none-eabi/lib/thumb/v7e-m\libg.a(lib_a-lock.o)
usbd_cdc_OtherCfgDesc
                    0x43              ..\obj\usbd_cdc_core.o
USB_CDC_STATUS      0x1               ..\obj\stm32_ub_usb_cdc.o
APP_tx_ptr_tail     0x4               ..\obj\usbd_cdc_vcp.o
USB_Rx_Buffer       0x40              ..\obj\usbd_cdc_core.o
CmdBuff             0x8               ..\obj\usbd_cdc_core.o
USB_OTG_dev         0x5f0             ..\obj\stm32_ub_usb_cdc.o
APP_Rx_Buffer       0x800             ..\obj\usbd_cdc_core.o
__lock___at_quick_exit_mutex
                    0x1               c:/program files (x86)/gnu tools arm embedded/6 2017-q2-update/bin/../lib/gcc/arm-none-eabi/6.3.1/../../../../arm-none-eabi/lib/thumb/v7e-m\libg.a(lib_a-lock.o)
UART_RX             0x34              ..\obj\stm32_ub_uart.o
USBD_StrDesc        0x32              ..\obj\usbd_req.o
__lock___dd_hash_mutex
                    0x1               c:/program files (x86)/gnu tools arm embedded/6 2017-q2-update/bin/../lib/gcc/arm-none-eabi/6.3.1/../../../../arm-none-eabi/lib/thumb/v7e-m\libg.a(lib_a-lock.o)
__lock___tz_mutex   0x1               c:/program files (x86)/gnu tools arm embedded/6 2017-q2-update/bin/../lib/gcc/arm-none-eabi/6.3.1/../../../../arm-none-eabi/lib/thumb/v7e-m\libg.a(lib_a-lock.o)
APP_tx_ptr_head     0x4               ..\obj\usbd_cdc_vcp.o
__lock___sfp_recursive_mutex
                    0x1               c:/program files (x86)/gnu tools arm embedded/6 2017-q2-update/bin/../lib/gcc/arm-none-eabi/6.3.1/../../../../arm-none-eabi/lib/thumb/v7e-m\libg.a(lib_a-lock.o)

Discarded input sections

 .text          0x00000000        0x0 ..\obj\usb_core.o
 .data          0x00000000        0x0 ..\obj\usb_core.o
 .bss           0x00000000        0x0 ..\obj\usb_core.o
 .text.USB_OTG_IsHostMode
                0x00000000       0x22 ..\obj\usb_core.o
 .text.USB_OTG_ReadOtgItr
                0x00000000       0x18 ..\obj\usb_core.o
 .text.USB_OTG_ActiveRemoteWakeup
                0x00000000       0x8e ..\obj\usb_core.o
 .text.USB_OTG_UngateClock
                0x00000000       0x52 ..\obj\usb_core.o
 .text.USB_OTG_StopDevice
                0x00000000       0x80 ..\obj\usb_core.o
 .text.USB_OTG_GetEPStatus
                0x00000000       0xaa ..\obj\usb_core.o
 .text.USB_OTG_SetEPStatus
                0x00000000      0x12c ..\obj\usb_core.o
 .text          0x00000000        0x0 ..\obj\stm32_ub_usb_cdc.o
 .data          0x00000000        0x0 ..\obj\stm32_ub_usb_cdc.o
 .bss           0x00000000        0x0 ..\obj\stm32_ub_usb_cdc.o
 .text.UB_USB_CDC_ReceiveData
                0x00000000       0x3c ..\obj\stm32_ub_usb_cdc.o
 .text          0x00000000        0x0 ..\obj\usbd_usr.o
 .bss           0x00000000        0x0 ..\obj\usbd_usr.o
 .text          0x00000000        0x0 ..\obj\stm32f4xx_usart.o
 .data          0x00000000        0x0 ..\obj\stm32f4xx_usart.o
 .bss           0x00000000        0x0 ..\obj\stm32f4xx_usart.o
 .text.USART_DeInit
                0x00000000       0xd4 ..\obj\stm32f4xx_usart.o
 .text.USART_Init
                0x00000000      0x174 ..\obj\stm32f4xx_usart.o
 .text.USART_StructInit
                0x00000000       0x38 ..\obj\stm32f4xx_usart.o
 .text.USART_ClockInit
                0x00000000       0x54 ..\obj\stm32f4xx_usart.o
 .text.USART_ClockStructInit
                0x00000000       0x2a ..\obj\stm32f4xx_usart.o
 .text.USART_Cmd
                0x00000000       0x3e ..\obj\stm32f4xx_usart.o
 .text.USART_SetPrescaler
                0x00000000       0x38 ..\obj\stm32f4xx_usart.o
 .text.USART_OverSampling8Cmd
                0x00000000       0x42 ..\obj\stm32f4xx_usart.o
 .text.USART_OneBitMethodCmd
                0x00000000       0x3e ..\obj\stm32f4xx_usart.o
 .text.USART_SendData
                0x00000000       0x22 ..\obj\stm32f4xx_usart.o
 .text.USART_SetAddress
                0x00000000       0x38 ..\obj\stm32f4xx_usart.o
 .text.USART_ReceiverWakeUpCmd
                0x00000000       0x3e ..\obj\stm32f4xx_usart.o
 .text.USART_WakeUpConfig
                0x00000000       0x36 ..\obj\stm32f4xx_usart.o
 .text.USART_LINBreakDetectLengthConfig
                0x00000000       0x36 ..\obj\stm32f4xx_usart.o
 .text.USART_LINCmd
                0x00000000       0x3e ..\obj\stm32f4xx_usart.o
 .text.USART_SendBreak
                0x00000000       0x22 ..\obj\stm32f4xx_usart.o
 .text.USART_HalfDuplexCmd
                0x00000000       0x3e ..\obj\stm32f4xx_usart.o
 .text.USART_SetGuardTime
                0x00000000       0x3a ..\obj\stm32f4xx_usart.o
 .text.USART_SmartCardCmd
                0x00000000       0x3e ..\obj\stm32f4xx_usart.o
 .text.USART_SmartCardNACKCmd
                0x00000000       0x3e ..\obj\stm32f4xx_usart.o
 .text.USART_IrDAConfig
                0x00000000       0x36 ..\obj\stm32f4xx_usart.o
 .text.USART_IrDACmd
                0x00000000       0x3e ..\obj\stm32f4xx_usart.o
 .text.USART_DMACmd
                0x00000000       0x46 ..\obj\stm32f4xx_usart.o
 .text.USART_ITConfig
                0x00000000       0x8e ..\obj\stm32f4xx_usart.o
 .text.USART_GetFlagStatus
                0x00000000       0x36 ..\obj\stm32f4xx_usart.o
 .text.USART_ClearFlag
                0x00000000       0x20 ..\obj\stm32f4xx_usart.o
 .text.USART_ClearITPendingBit
                0x00000000       0x38 ..\obj\stm32f4xx_usart.o
 .text          0x00000000        0x0 ..\obj\startup_stm32f4xx.o
 .data          0x00000000        0x0 ..\obj\startup_stm32f4xx.o
 .bss           0x00000000        0x0 ..\obj\startup_stm32f4xx.o
 .text          0x00000000        0x0 ..\obj\usbd_core.o
 .bss           0x00000000        0x0 ..\obj\usbd_core.o
 .text          0x00000000        0x0 ..\obj\main.o
 .data          0x00000000        0x0 ..\obj\main.o
 .bss           0x00000000        0x0 ..\obj\main.o
 .text          0x00000000        0x0 ..\obj\stm32f4xx_rcc.o
 .bss           0x00000000        0x0 ..\obj\stm32f4xx_rcc.o
 .text.RCC_DeInit
                0x00000000       0x50 ..\obj\stm32f4xx_rcc.o
 .text.RCC_HSEConfig
                0x00000000       0x24 ..\obj\stm32f4xx_rcc.o
 .text.RCC_WaitForHSEStartUp
                0x00000000       0x50 ..\obj\stm32f4xx_rcc.o
 .text.RCC_AdjustHSICalibrationValue
                0x00000000       0x3c ..\obj\stm32f4xx_rcc.o
 .text.RCC_HSICmd
                0x00000000       0x20 ..\obj\stm32f4xx_rcc.o
 .text.RCC_LSEConfig
                0x00000000       0x40 ..\obj\stm32f4xx_rcc.o
 .text.RCC_LSICmd
                0x00000000       0x20 ..\obj\stm32f4xx_rcc.o
 .text.RCC_PLLConfig
                0x00000000       0x3c ..\obj\stm32f4xx_rcc.o
 .text.RCC_PLLCmd
                0x00000000       0x20 ..\obj\stm32f4xx_rcc.o
 .text.RCC_PLLI2SConfig
                0x00000000       0x28 ..\obj\stm32f4xx_rcc.o
 .text.RCC_PLLI2SCmd
                0x00000000       0x20 ..\obj\stm32f4xx_rcc.o
 .text.RCC_ClockSecuritySystemCmd
                0x00000000       0x20 ..\obj\stm32f4xx_rcc.o
 .text.RCC_MCO1Config
                0x00000000       0x3c ..\obj\stm32f4xx_rcc.o
 .text.RCC_MCO2Config
                0x00000000       0x3c ..\obj\stm32f4xx_rcc.o
 .text.RCC_SYSCLKConfig
                0x00000000       0x38 ..\obj\stm32f4xx_rcc.o
 .text.RCC_GetSYSCLKSource
                0x00000000       0x1c ..\obj\stm32f4xx_rcc.o
 .text.RCC_HCLKConfig
                0x00000000       0x38 ..\obj\stm32f4xx_rcc.o
 .text.RCC_PCLK1Config
                0x00000000       0x38 ..\obj\stm32f4xx_rcc.o
 .text.RCC_PCLK2Config
                0x00000000       0x38 ..\obj\stm32f4xx_rcc.o
 .text.RCC_RTCCLKConfig
                0x00000000       0x5c ..\obj\stm32f4xx_rcc.o
 .text.RCC_RTCCLKCmd
                0x00000000       0x20 ..\obj\stm32f4xx_rcc.o
 .text.RCC_BackupResetCmd
                0x00000000       0x20 ..\obj\stm32f4xx_rcc.o
 .text.RCC_I2SCLKConfig
                0x00000000       0x1c ..\obj\stm32f4xx_rcc.o
 .text.RCC_AHB3PeriphClockCmd
                0x00000000       0x3c ..\obj\stm32f4xx_rcc.o
 .text.RCC_APB1PeriphClockCmd
                0x00000000       0x3c ..\obj\stm32f4xx_rcc.o
 .text.RCC_APB2PeriphClockCmd
                0x00000000       0x3c ..\obj\stm32f4xx_rcc.o
 .text.RCC_AHB1PeriphResetCmd
                0x00000000       0x3c ..\obj\stm32f4xx_rcc.o
 .text.RCC_AHB2PeriphResetCmd
                0x00000000       0x3c ..\obj\stm32f4xx_rcc.o
 .text.RCC_AHB3PeriphResetCmd
                0x00000000       0x3c ..\obj\stm32f4xx_rcc.o
 .text.RCC_APB2PeriphResetCmd
                0x00000000       0x3c ..\obj\stm32f4xx_rcc.o
 .text.RCC_AHB1PeriphClockLPModeCmd
                0x00000000       0x3c ..\obj\stm32f4xx_rcc.o
 .text.RCC_AHB2PeriphClockLPModeCmd
                0x00000000       0x3c ..\obj\stm32f4xx_rcc.o
 .text.RCC_AHB3PeriphClockLPModeCmd
                0x00000000       0x3c ..\obj\stm32f4xx_rcc.o
 .text.RCC_APB1PeriphClockLPModeCmd
                0x00000000       0x3c ..\obj\stm32f4xx_rcc.o
 .text.RCC_APB2PeriphClockLPModeCmd
                0x00000000       0x3c ..\obj\stm32f4xx_rcc.o
 .text.RCC_ITConfig
                0x00000000       0x4c ..\obj\stm32f4xx_rcc.o
 .text.RCC_GetFlagStatus
                0x00000000       0x74 ..\obj\stm32f4xx_rcc.o
 .text.RCC_ClearFlag
                0x00000000       0x1c ..\obj\stm32f4xx_rcc.o
 .text.RCC_GetITStatus
                0x00000000       0x34 ..\obj\stm32f4xx_rcc.o
 .text.RCC_ClearITPendingBit
                0x00000000       0x20 ..\obj\stm32f4xx_rcc.o
 .text          0x00000000        0x0 ..\obj\stm32_ub_uart.o
 .bss           0x00000000        0x0 ..\obj\stm32_ub_uart.o
 .text.UB_Uart_Init
                0x00000000      0x2b4 ..\obj\stm32_ub_uart.o
 .text.UB_Uart_SendByte
                0x00000000       0x5c ..\obj\stm32_ub_uart.o
 .text.UB_Uart_SendData
                0x00000000       0x42 ..\obj\stm32_ub_uart.o
 .text.UB_Uart_ReceiveData
                0x00000000       0x9c ..\obj\stm32_ub_uart.o
 .text.USART4_IRQHandler
                0x00000000       0x38 ..\obj\stm32_ub_uart.o
 .text.USART5_IRQHandler
                0x00000000       0x38 ..\obj\stm32_ub_uart.o
 .text          0x00000000        0x0 ..\obj\usbd_desc.o
 .bss           0x00000000        0x0 ..\obj\usbd_desc.o
 .text          0x00000000        0x0 ..\obj\stm32f4xx_gpio.o
 .data          0x00000000        0x0 ..\obj\stm32f4xx_gpio.o
 .bss           0x00000000        0x0 ..\obj\stm32f4xx_gpio.o
 .text.GPIO_DeInit
                0x00000000      0x120 ..\obj\stm32f4xx_gpio.o
 .text.GPIO_StructInit
                0x00000000       0x32 ..\obj\stm32f4xx_gpio.o
 .text.GPIO_PinLockConfig
                0x00000000       0x42 ..\obj\stm32f4xx_gpio.o
 .text.GPIO_ReadInputData
                0x00000000       0x18 ..\obj\stm32f4xx_gpio.o
 .text.GPIO_ReadOutputDataBit
                0x00000000       0x32 ..\obj\stm32f4xx_gpio.o
 .text.GPIO_ReadOutputData
                0x00000000       0x18 ..\obj\stm32f4xx_gpio.o
 .text.GPIO_SetBits
                0x00000000       0x1c ..\obj\stm32f4xx_gpio.o
 .text.GPIO_ResetBits
                0x00000000       0x1c ..\obj\stm32f4xx_gpio.o
 .text.GPIO_WriteBit
                0x00000000       0x2e ..\obj\stm32f4xx_gpio.o
 .text.GPIO_Write
                0x00000000       0x1c ..\obj\stm32f4xx_gpio.o
 .text.GPIO_ToggleBits
                0x00000000       0x22 ..\obj\stm32f4xx_gpio.o
 .text          0x00000000        0x0 ..\obj\usbd_cdc_vcp.o
 .bss           0x00000000        0x0 ..\obj\usbd_cdc_vcp.o
 .text.UB_VCP_DataRx
                0x00000000       0x9c ..\obj\usbd_cdc_vcp.o
 .text          0x00000000        0x0 ..\obj\system_stm32f4xx.o
 .data          0x00000000       0x14 ..\obj\system_stm32f4xx.o
 .bss           0x00000000        0x0 ..\obj\system_stm32f4xx.o
 .text.SystemCoreClockUpdate
                0x00000000       0xf4 ..\obj\system_stm32f4xx.o
 .text          0x00000000        0x0 ..\obj\syscalls.o
 .data          0x00000000        0x0 ..\obj\syscalls.o
 .text.link     0x00000000       0x18 ..\obj\syscalls.o
 .text._close   0x00000000       0x16 ..\obj\syscalls.o
 .text._fstat   0x00000000       0x1e ..\obj\syscalls.o
 .text._isatty  0x00000000       0x14 ..\obj\syscalls.o
 .text._lseek   0x00000000       0x18 ..\obj\syscalls.o
 .text._read    0x00000000       0x18 ..\obj\syscalls.o
 .text._write   0x00000000       0x18 ..\obj\syscalls.o
 .text.abort    0x00000000        0x6 ..\obj\syscalls.o
 .text          0x00000000        0x0 ..\obj\usb_bsp.o
 .data          0x00000000        0x0 ..\obj\usb_bsp.o
 .bss           0x00000000        0x0 ..\obj\usb_bsp.o
 .text          0x00000000        0x0 ..\obj\usbd_req.o
 .data          0x00000000        0x0 ..\obj\usbd_req.o
 .text          0x00000000        0x0 ..\obj\usb_dcd_int.o
 .data          0x00000000        0x0 ..\obj\usb_dcd_int.o
 .bss           0x00000000        0x0 ..\obj\usb_dcd_int.o
 .text          0x00000000        0x0 ..\obj\usbd_cdc_core.o
 .text          0x00000000        0x0 ..\obj\misc.o
 .data          0x00000000        0x0 ..\obj\misc.o
 .bss           0x00000000        0x0 ..\obj\misc.o
 .text.NVIC_SetVectorTable
                0x00000000       0x2c ..\obj\misc.o
 .text.NVIC_SystemLPConfig
                0x00000000       0x40 ..\obj\misc.o
 .text.SysTick_CLKSourceConfig
                0x00000000       0x38 ..\obj\misc.o
 .text          0x00000000        0x0 ..\obj\usb_dcd.o
 .data          0x00000000        0x0 ..\obj\usb_dcd.o
 .bss           0x00000000        0x0 ..\obj\usb_dcd.o
 .text.DCD_EP_Flush
                0x00000000       0x34 ..\obj\usb_dcd.o
 .text.DCD_DevConnect
                0x00000000       0x2e ..\obj\usb_dcd.o
 .text.DCD_DevDisconnect
                0x00000000       0x2e ..\obj\usb_dcd.o
 .text.DCD_GetEPStatus
                0x00000000       0x5a ..\obj\usb_dcd.o
 .text.DCD_SetEPStatus
                0x00000000       0x56 ..\obj\usb_dcd.o
 .text          0x00000000        0x0 ..\obj\usbd_ioreq.o
 .data          0x00000000        0x0 ..\obj\usbd_ioreq.o
 .bss           0x00000000        0x0 ..\obj\usbd_ioreq.o
 .text.USBD_GetRxCount
                0x00000000       0x2c ..\obj\usbd_ioreq.o
 .text          0x00000000        0x0 c:/program files (x86)/gnu tools arm embedded/6 2017-q2-update/bin/../lib/gcc/arm-none-eabi/6.3.1/../../../../arm-none-eabi/lib/thumb/v7e-m\libg.a(lib_a-malloc.o)
 .data          0x00000000        0x0 c:/program files (x86)/gnu tools arm embedded/6 2017-q2-update/bin/../lib/gcc/arm-none-eabi/6.3.1/../../../../arm-none-eabi/lib/thumb/v7e-m\libg.a(lib_a-malloc.o)
 .bss           0x00000000        0x0 c:/program files (x86)/gnu tools arm embedded/6 2017-q2-update/bin/../lib/gcc/arm-none-eabi/6.3.1/../../../../arm-none-eabi/lib/thumb/v7e-m\libg.a(lib_a-malloc.o)
 .text.free     0x00000000       0x10 c:/program files (x86)/gnu tools arm embedded/6 2017-q2-update/bin/../lib/gcc/arm-none-eabi/6.3.1/../../../../arm-none-eabi/lib/thumb/v7e-m\libg.a(lib_a-malloc.o)
 .text          0x00000000        0x0 c:/program files (x86)/gnu tools arm embedded/6 2017-q2-update/bin/../lib/gcc/arm-none-eabi/6.3.1/../../../../arm-none-eabi/lib/thumb/v7e-m\libg.a(lib_a-mallocr.o)
 .data          0x00000000        0x0 c:/program files (x86)/gnu tools arm embedded/6 2017-q2-update/bin/../lib/gcc/arm-none-eabi/6.3.1/../../../../arm-none-eabi/lib/thumb/v7e-m\libg.a(lib_a-mallocr.o)
 .bss           0x00000000        0x0 c:/program files (x86)/gnu tools arm embedded/6 2017-q2-update/bin/../lib/gcc/arm-none-eabi/6.3.1/../../../../arm-none-eabi/lib/thumb/v7e-m\libg.a(lib_a-mallocr.o)
 .text          0x00000000        0x0 c:/program files (x86)/gnu tools arm embedded/6 2017-q2-update/bin/../lib/gcc/arm-none-eabi/6.3.1/../../../../arm-none-eabi/lib/thumb/v7e-m\libg.a(lib_a-mlock.o)
 .data          0x00000000        0x0 c:/program files (x86)/gnu tools arm embedded/6 2017-q2-update/bin/../lib/gcc/arm-none-eabi/6.3.1/../../../../arm-none-eabi/lib/thumb/v7e-m\libg.a(lib_a-mlock.o)
 .bss           0x00000000        0x0 c:/program files (x86)/gnu tools arm embedded/6 2017-q2-update/bin/../lib/gcc/arm-none-eabi/6.3.1/../../../../arm-none-eabi/lib/thumb/v7e-m\libg.a(lib_a-mlock.o)
 .text          0x00000000        0x0 c:/program files (x86)/gnu tools arm embedded/6 2017-q2-update/bin/../lib/gcc/arm-none-eabi/6.3.1/../../../../arm-none-eabi/lib/thumb/v7e-m\libg.a(lib_a-sbrkr.o)
 .data          0x00000000        0x0 c:/program files (x86)/gnu tools arm embedded/6 2017-q2-update/bin/../lib/gcc/arm-none-eabi/6.3.1/../../../../arm-none-eabi/lib/thumb/v7e-m\libg.a(lib_a-sbrkr.o)
 .bss           0x00000000        0x0 c:/program files (x86)/gnu tools arm embedded/6 2017-q2-update/bin/../lib/gcc/arm-none-eabi/6.3.1/../../../../arm-none-eabi/lib/thumb/v7e-m\libg.a(lib_a-sbrkr.o)
 .data          0x00000000        0x0 c:/program files (x86)/gnu tools arm embedded/6 2017-q2-update/bin/../lib/gcc/arm-none-eabi/6.3.1/../../../../arm-none-eabi/lib/thumb/v7e-m\libg.a(lib_a-strlen.o)
 .bss           0x00000000        0x0 c:/program files (x86)/gnu tools arm embedded/6 2017-q2-update/bin/../lib/gcc/arm-none-eabi/6.3.1/../../../../arm-none-eabi/lib/thumb/v7e-m\libg.a(lib_a-strlen.o)
 .text          0x00000000        0x0 c:/program files (x86)/gnu tools arm embedded/6 2017-q2-update/bin/../lib/gcc/arm-none-eabi/6.3.1/../../../../arm-none-eabi/lib/thumb/v7e-m\libg.a(lib_a-freer.o)
 .data          0x00000000        0x0 c:/program files (x86)/gnu tools arm embedded/6 2017-q2-update/bin/../lib/gcc/arm-none-eabi/6.3.1/../../../../arm-none-eabi/lib/thumb/v7e-m\libg.a(lib_a-freer.o)
 .bss           0x00000000        0x0 c:/program files (x86)/gnu tools arm embedded/6 2017-q2-update/bin/../lib/gcc/arm-none-eabi/6.3.1/../../../../arm-none-eabi/lib/thumb/v7e-m\libg.a(lib_a-freer.o)
 .text          0x00000000        0x0 c:/program files (x86)/gnu tools arm embedded/6 2017-q2-update/bin/../lib/gcc/arm-none-eabi/6.3.1/../../../../arm-none-eabi/lib/thumb/v7e-m\libg.a(lib_a-impure.o)
 .data          0x00000000        0x0 c:/program files (x86)/gnu tools arm embedded/6 2017-q2-update/bin/../lib/gcc/arm-none-eabi/6.3.1/../../../../arm-none-eabi/lib/thumb/v7e-m\libg.a(lib_a-impure.o)
 .bss           0x00000000        0x0 c:/program files (x86)/gnu tools arm embedded/6 2017-q2-update/bin/../lib/gcc/arm-none-eabi/6.3.1/../../../../arm-none-eabi/lib/thumb/v7e-m\libg.a(lib_a-impure.o)
 .rodata._global_impure_ptr
                0x00000000        0x4 c:/program files (x86)/gnu tools arm embedded/6 2017-q2-update/bin/../lib/gcc/arm-none-eabi/6.3.1/../../../../arm-none-eabi/lib/thumb/v7e-m\libg.a(lib_a-impure.o)
 .text          0x00000000        0x0 c:/program files (x86)/gnu tools arm embedded/6 2017-q2-update/bin/../lib/gcc/arm-none-eabi/6.3.1/../../../../arm-none-eabi/lib/thumb/v7e-m\libg.a(lib_a-lock.o)
 .data          0x00000000        0x0 c:/program files (x86)/gnu tools arm embedded/6 2017-q2-update/bin/../lib/gcc/arm-none-eabi/6.3.1/../../../../arm-none-eabi/lib/thumb/v7e-m\libg.a(lib_a-lock.o)
 .bss           0x00000000        0x0 c:/program files (x86)/gnu tools arm embedded/6 2017-q2-update/bin/../lib/gcc/arm-none-eabi/6.3.1/../../../../arm-none-eabi/lib/thumb/v7e-m\libg.a(lib_a-lock.o)
 .text.__retarget_lock_init
                0x00000000        0x4 c:/program files (x86)/gnu tools arm embedded/6 2017-q2-update/bin/../lib/gcc/arm-none-eabi/6.3.1/../../../../arm-none-eabi/lib/thumb/v7e-m\libg.a(lib_a-lock.o)
 .text.__retarget_lock_init_recursive
                0x00000000        0x4 c:/program files (x86)/gnu tools arm embedded/6 2017-q2-update/bin/../lib/gcc/arm-none-eabi/6.3.1/../../../../arm-none-eabi/lib/thumb/v7e-m\libg.a(lib_a-lock.o)
 .text.__retarget_lock_close
                0x00000000        0x4 c:/program files (x86)/gnu tools arm embedded/6 2017-q2-update/bin/../lib/gcc/arm-none-eabi/6.3.1/../../../../arm-none-eabi/lib/thumb/v7e-m\libg.a(lib_a-lock.o)
 .text.__retarget_lock_close_recursive
                0x00000000        0x4 c:/program files (x86)/gnu tools arm embedded/6 2017-q2-update/bin/../lib/gcc/arm-none-eabi/6.3.1/../../../../arm-none-eabi/lib/thumb/v7e-m\libg.a(lib_a-lock.o)
 .text.__retarget_lock_acquire
                0x00000000        0x4 c:/program files (x86)/gnu tools arm embedded/6 2017-q2-update/bin/../lib/gcc/arm-none-eabi/6.3.1/../../../../arm-none-eabi/lib/thumb/v7e-m\libg.a(lib_a-lock.o)
 .text.__retarget_lock_try_acquire
                0x00000000        0x4 c:/program files (x86)/gnu tools arm embedded/6 2017-q2-update/bin/../lib/gcc/arm-none-eabi/6.3.1/../../../../arm-none-eabi/lib/thumb/v7e-m\libg.a(lib_a-lock.o)
 .text.__retarget_lock_try_acquire_recursive
                0x00000000        0x4 c:/program files (x86)/gnu tools arm embedded/6 2017-q2-update/bin/../lib/gcc/arm-none-eabi/6.3.1/../../../../arm-none-eabi/lib/thumb/v7e-m\libg.a(lib_a-lock.o)
 .text.__retarget_lock_release
                0x00000000        0x4 c:/program files (x86)/gnu tools arm embedded/6 2017-q2-update/bin/../lib/gcc/arm-none-eabi/6.3.1/../../../../arm-none-eabi/lib/thumb/v7e-m\libg.a(lib_a-lock.o)
 .text          0x00000000        0x0 c:/program files (x86)/gnu tools arm embedded/6 2017-q2-update/bin/../lib/gcc/arm-none-eabi/6.3.1/../../../../arm-none-eabi/lib/thumb/v7e-m\libg.a(lib_a-reent.o)
 .data          0x00000000        0x0 c:/program files (x86)/gnu tools arm embedded/6 2017-q2-update/bin/../lib/gcc/arm-none-eabi/6.3.1/../../../../arm-none-eabi/lib/thumb/v7e-m\libg.a(lib_a-reent.o)
 .bss           0x00000000        0x0 c:/program files (x86)/gnu tools arm embedded/6 2017-q2-update/bin/../lib/gcc/arm-none-eabi/6.3.1/../../../../arm-none-eabi/lib/thumb/v7e-m\libg.a(lib_a-reent.o)
 .text.cleanup_glue
                0x00000000       0x1c c:/program files (x86)/gnu tools arm embedded/6 2017-q2-update/bin/../lib/gcc/arm-none-eabi/6.3.1/../../../../arm-none-eabi/lib/thumb/v7e-m\libg.a(lib_a-reent.o)
 .text._reclaim_reent
                0x00000000       0x88 c:/program files (x86)/gnu tools arm embedded/6 2017-q2-update/bin/../lib/gcc/arm-none-eabi/6.3.1/../../../../arm-none-eabi/lib/thumb/v7e-m\libg.a(lib_a-reent.o)

Memory Configuration

Name             Origin             Length             Attributes
rom              0x08000000         0x00100000         xr
ram              0x20000000         0x00020000         xrw
ram1             0x10000000         0x00010000         xrw
*default*        0x00000000         0xffffffff

Linker script and memory map

                0x20020000                _eram = 0x20020000

.text           0x08000000     0x508e
 *(.isr_vector)
 .isr_vector    0x08000000      0x188 ..\obj\startup_stm32f4xx.o
                0x08000000                g_pfnVectors
 *(.text*)
 .text.USB_OTG_EnableCommonInt
                0x08000188       0x42 ..\obj\usb_core.o
 *fill*         0x080001ca        0x2 
 .text.USB_OTG_CoreReset
                0x080001cc       0x90 ..\obj\usb_core.o
 .text.USB_OTG_WritePacket
                0x0800025c       0x74 ..\obj\usb_core.o
                0x0800025c                USB_OTG_WritePacket
 .text.USB_OTG_ReadPacket
                0x080002d0       0x56 ..\obj\usb_core.o
                0x080002d0                USB_OTG_ReadPacket
 *fill*         0x08000326        0x2 
 .text.USB_OTG_SelectCore
                0x08000328      0x174 ..\obj\usb_core.o
                0x08000328                USB_OTG_SelectCore
 .text.USB_OTG_CoreInit
                0x0800049c      0x1d2 ..\obj\usb_core.o
                0x0800049c                USB_OTG_CoreInit
 .text.USB_OTG_EnableGlobalInt
                0x0800066e       0x34 ..\obj\usb_core.o
                0x0800066e                USB_OTG_EnableGlobalInt
 .text.USB_OTG_DisableGlobalInt
                0x080006a2       0x36 ..\obj\usb_core.o
                0x080006a2                USB_OTG_DisableGlobalInt
 .text.USB_OTG_FlushTxFifo
                0x080006d8       0x74 ..\obj\usb_core.o
                0x080006d8                USB_OTG_FlushTxFifo
 .text.USB_OTG_FlushRxFifo
                0x0800074c       0x60 ..\obj\usb_core.o
                0x0800074c                USB_OTG_FlushRxFifo
 .text.USB_OTG_SetCurrentMode
                0x080007ac       0x5e ..\obj\usb_core.o
                0x080007ac                USB_OTG_SetCurrentMode
 .text.USB_OTG_GetMode
                0x0800080a       0x1c ..\obj\usb_core.o
                0x0800080a                USB_OTG_GetMode
 .text.USB_OTG_IsDeviceMode
                0x08000826       0x22 ..\obj\usb_core.o
                0x08000826                USB_OTG_IsDeviceMode
 .text.USB_OTG_ReadCoreItr
                0x08000848       0x2c ..\obj\usb_core.o
                0x08000848                USB_OTG_ReadCoreItr
 .text.USB_OTG_InitDevSpeed
                0x08000874       0x36 ..\obj\usb_core.o
                0x08000874                USB_OTG_InitDevSpeed
 .text.USB_OTG_CoreInitDev
                0x080008aa      0x262 ..\obj\usb_core.o
                0x080008aa                USB_OTG_CoreInitDev
 .text.USB_OTG_EnableDevInt
                0x08000b0c       0xa8 ..\obj\usb_core.o
                0x08000b0c                USB_OTG_EnableDevInt
 .text.USB_OTG_GetDeviceSpeed
                0x08000bb4       0x46 ..\obj\usb_core.o
                0x08000bb4                USB_OTG_GetDeviceSpeed
 .text.USB_OTG_EP0Activate
                0x08000bfa       0x74 ..\obj\usb_core.o
                0x08000bfa                USB_OTG_EP0Activate
 .text.USB_OTG_EPActivate
                0x08000c6e       0xda ..\obj\usb_core.o
                0x08000c6e                USB_OTG_EPActivate
 .text.USB_OTG_EPDeactivate
                0x08000d48       0x88 ..\obj\usb_core.o
                0x08000d48                USB_OTG_EPDeactivate
 .text.USB_OTG_EPStartXfer
                0x08000dd0      0x280 ..\obj\usb_core.o
                0x08000dd0                USB_OTG_EPStartXfer
 .text.USB_OTG_EP0StartXfer
                0x08001050      0x1d2 ..\obj\usb_core.o
                0x08001050                USB_OTG_EP0StartXfer
 .text.USB_OTG_EPSetStall
                0x08001222       0x84 ..\obj\usb_core.o
                0x08001222                USB_OTG_EPSetStall
 .text.USB_OTG_EPClearStall
                0x080012a6       0x74 ..\obj\usb_core.o
                0x080012a6                USB_OTG_EPClearStall
 .text.USB_OTG_ReadDevAllOutEp_itr
                0x0800131a       0x2a ..\obj\usb_core.o
                0x0800131a                USB_OTG_ReadDevAllOutEp_itr
 .text.USB_OTG_ReadDevOutEP_itr
                0x08001344       0x34 ..\obj\usb_core.o
                0x08001344                USB_OTG_ReadDevOutEP_itr
 .text.USB_OTG_ReadDevAllInEPItr
                0x08001378       0x2a ..\obj\usb_core.o
                0x08001378                USB_OTG_ReadDevAllInEPItr
 .text.USB_OTG_EP0_OutStart
                0x080013a2       0x70 ..\obj\usb_core.o
                0x080013a2                USB_OTG_EP0_OutStart
 *fill*         0x08001412        0x2 
 .text.UB_USB_CDC_Init
                0x08001414       0x38 ..\obj\stm32_ub_usb_cdc.o
                0x08001414                UB_USB_CDC_Init
 .text.UB_USB_CDC_GetStatus
                0x0800144c       0x14 ..\obj\stm32_ub_usb_cdc.o
                0x0800144c                UB_USB_CDC_GetStatus
 .text.UB_USB_CDC_SendData
                0x08001460       0x4c ..\obj\stm32_ub_usb_cdc.o
                0x08001460                UB_USB_CDC_SendData
 .text.USBD_USR_Init
                0x080014ac       0x18 ..\obj\usbd_usr.o
                0x080014ac                USBD_USR_Init
 .text.USBD_USR_DeviceReset
                0x080014c4       0x20 ..\obj\usbd_usr.o
                0x080014c4                USBD_USR_DeviceReset
 .text.USBD_USR_DeviceConfigured
                0x080014e4       0x18 ..\obj\usbd_usr.o
                0x080014e4                USBD_USR_DeviceConfigured
 .text.USBD_USR_DeviceConnected
                0x080014fc       0x18 ..\obj\usbd_usr.o
                0x080014fc                USBD_USR_DeviceConnected
 .text.USBD_USR_DeviceDisconnected
                0x08001514       0x18 ..\obj\usbd_usr.o
                0x08001514                USBD_USR_DeviceDisconnected
 .text.USBD_USR_DeviceSuspended
                0x0800152c       0x18 ..\obj\usbd_usr.o
                0x0800152c                USBD_USR_DeviceSuspended
 .text.USBD_USR_DeviceResumed
                0x08001544       0x18 ..\obj\usbd_usr.o
                0x08001544                USBD_USR_DeviceResumed
 .text.USART_ReceiveData
                0x0800155c       0x1e ..\obj\stm32f4xx_usart.o
                0x0800155c                USART_ReceiveData
 .text.USART_GetITStatus
                0x0800157a       0xb4 ..\obj\stm32f4xx_usart.o
                0x0800157a                USART_GetITStatus
 *fill*         0x0800162e        0x2 
 .text.Default_Reset_Handler
                0x08001630       0x5c ..\obj\startup_stm32f4xx.o
                0x08001630                Default_Reset_Handler
                0x08001630                Reset_Handler
 .text.Default_Handler
                0x0800168c        0x6 ..\obj\startup_stm32f4xx.o
                0x0800168c                RTC_Alarm_IRQHandler
                0x0800168c                HASH_RNG_IRQHandler
                0x0800168c                EXTI2_IRQHandler
                0x0800168c                TIM8_CC_IRQHandler
                0x0800168c                DebugMon_Handler
                0x0800168c                TIM1_CC_IRQHandler
                0x0800168c                DMA2_Stream5_IRQHandler
                0x0800168c                HardFault_Handler
                0x0800168c                DMA1_Stream5_IRQHandler
                0x0800168c                SysTick_Handler
                0x0800168c                PVD_IRQHandler
                0x0800168c                SDIO_IRQHandler
                0x0800168c                TAMP_STAMP_IRQHandler
                0x0800168c                PendSV_Handler
                0x0800168c                NMI_Handler
                0x0800168c                CAN2_RX1_IRQHandler
                0x0800168c                EXTI3_IRQHandler
                0x0800168c                TIM8_TRG_COM_TIM14_IRQHandler
                0x0800168c                TIM1_UP_TIM10_IRQHandler
                0x0800168c                TIM8_UP_TIM13_IRQHandler
                0x0800168c                I2C3_ER_IRQHandler
                0x0800168c                EXTI0_IRQHandler
                0x0800168c                I2C2_EV_IRQHandler
                0x0800168c                DMA1_Stream2_IRQHandler
                0x0800168c                CAN1_RX0_IRQHandler
                0x0800168c                FPU_IRQHandler
                0x0800168c                OTG_HS_WKUP_IRQHandler
                0x0800168c                UsageFault_Handler
                0x0800168c                CAN2_SCE_IRQHandler
                0x0800168c                DMA2_Stream2_IRQHandler
                0x0800168c                SPI1_IRQHandler
                0x0800168c                TIM6_DAC_IRQHandler
                0x0800168c                TIM1_BRK_TIM9_IRQHandler
                0x0800168c                DCMI_IRQHandler
                0x0800168c                CAN2_RX0_IRQHandler
                0x0800168c                DMA2_Stream3_IRQHandler
                0x0800168c                CRYP_IRQHandler
                0x0800168c                CAN1_RX1_IRQHandler
                0x0800168c                UART5_IRQHandler
                0x0800168c                DMA2_Stream0_IRQHandler
                0x0800168c                TIM4_IRQHandler
                0x0800168c                I2C1_EV_IRQHandler
                0x0800168c                DMA1_Stream6_IRQHandler
                0x0800168c                DMA1_Stream1_IRQHandler
                0x0800168c                UART4_IRQHandler
                0x0800168c                TIM3_IRQHandler
                0x0800168c                RCC_IRQHandler
                0x0800168c                TIM8_BRK_TIM12_IRQHandler
                0x0800168c                EXTI15_10_IRQHandler
                0x0800168c                ADC_IRQHandler
                0x0800168c                DMA1_Stream7_IRQHandler
                0x0800168c                TIM7_IRQHandler
                0x0800168c                CAN2_TX_IRQHandler
                0x0800168c                TIM5_IRQHandler
                0x0800168c                DMA2_Stream7_IRQHandler
                0x0800168c                I2C3_EV_IRQHandler
                0x0800168c                EXTI9_5_IRQHandler
                0x0800168c                RTC_WKUP_IRQHandler
                0x0800168c                ETH_WKUP_IRQHandler
                0x0800168c                SPI2_IRQHandler
                0x0800168c                OTG_HS_EP1_IN_IRQHandler
                0x0800168c                MemManage_Handler
                0x0800168c                DMA1_Stream0_IRQHandler
                0x0800168c                CAN1_TX_IRQHandler
                0x0800168c                SVC_Handler
                0x0800168c                EXTI4_IRQHandler
                0x0800168c                FSMC_IRQHandler
                0x0800168c                ETH_IRQHandler
                0x0800168c                OTG_HS_EP1_OUT_IRQHandler
                0x0800168c                WWDG_IRQHandler
                0x0800168c                TIM2_IRQHandler
                0x0800168c                OTG_FS_WKUP_IRQHandler
                0x0800168c                TIM1_TRG_COM_TIM11_IRQHandler
                0x0800168c                OTG_HS_IRQHandler
                0x0800168c                EXTI1_IRQHandler
                0x0800168c                I2C2_ER_IRQHandler
                0x0800168c                DMA2_Stream1_IRQHandler
                0x0800168c                CAN1_SCE_IRQHandler
                0x0800168c                FLASH_IRQHandler
                0x0800168c                DMA2_Stream4_IRQHandler
                0x0800168c                BusFault_Handler
                0x0800168c                SPI3_IRQHandler
                0x0800168c                DMA1_Stream4_IRQHandler
                0x0800168c                I2C1_ER_IRQHandler
                0x0800168c                DMA2_Stream6_IRQHandler
                0x0800168c                DMA1_Stream3_IRQHandler
 .text.USBD_Init
                0x08001692       0x56 ..\obj\usbd_core.o
                0x08001692                USBD_Init
 .text.USBD_DeInit
                0x080016e8       0x14 ..\obj\usbd_core.o
                0x080016e8                USBD_DeInit
 .text.USBD_SetupStage
                0x080016fc       0x6c ..\obj\usbd_core.o
 .text.USBD_DataOutStage
                0x08001768       0xcc ..\obj\usbd_core.o
 .text.USBD_DataInStage
                0x08001834      0x102 ..\obj\usbd_core.o
 .text.USBD_Reset
                0x08001936       0x42 ..\obj\usbd_core.o
 .text.USBD_Resume
                0x08001978       0x24 ..\obj\usbd_core.o
 .text.USBD_Suspend
                0x0800199c       0x24 ..\obj\usbd_core.o
 .text.USBD_SOF
                0x080019c0       0x2a ..\obj\usbd_core.o
 .text.USBD_SetCfg
                0x080019ea       0x30 ..\obj\usbd_core.o
                0x080019ea                USBD_SetCfg
 .text.USBD_ClrCfg
                0x08001a1a       0x26 ..\obj\usbd_core.o
                0x08001a1a                USBD_ClrCfg
 .text.USBD_IsoINIncomplete
                0x08001a40       0x1e ..\obj\usbd_core.o
 .text.USBD_IsoOUTIncomplete
                0x08001a5e       0x1e ..\obj\usbd_core.o
 .text.USBD_DevConnected
                0x08001a7c       0x1c ..\obj\usbd_core.o
 .text.USBD_DevDisconnected
                0x08001a98       0x2a ..\obj\usbd_core.o
 *fill*         0x08001ac2        0x2 
 .text.delay_ms
                0x08001ac4       0x40 ..\obj\main.o
                0x08001ac4                delay_ms
 .text.main     0x08001b04       0x98 ..\obj\main.o
                0x08001b04                main
 .text.RCC_GetClocksFreq
                0x08001b9c      0x150 ..\obj\stm32f4xx_rcc.o
                0x08001b9c                RCC_GetClocksFreq
 .text.RCC_AHB1PeriphClockCmd
                0x08001cec       0x3c ..\obj\stm32f4xx_rcc.o
                0x08001cec                RCC_AHB1PeriphClockCmd
 .text.RCC_AHB2PeriphClockCmd
                0x08001d28       0x3c ..\obj\stm32f4xx_rcc.o
                0x08001d28                RCC_AHB2PeriphClockCmd
 .text.RCC_APB1PeriphResetCmd
                0x08001d64       0x3c ..\obj\stm32f4xx_rcc.o
                0x08001d64                RCC_APB1PeriphResetCmd
 .text.P_UART_Receive
                0x08001da0       0x94 ..\obj\stm32_ub_uart.o
                0x08001da0                P_UART_Receive
 .text.P_UART_RX_INT
                0x08001e34       0x54 ..\obj\stm32_ub_uart.o
                0x08001e34                P_UART_RX_INT
 .text.USART1_IRQHandler
                0x08001e88       0x38 ..\obj\stm32_ub_uart.o
                0x08001e88                USART1_IRQHandler
 .text.USART2_IRQHandler
                0x08001ec0       0x38 ..\obj\stm32_ub_uart.o
                0x08001ec0                USART2_IRQHandler
 .text.USART3_IRQHandler
                0x08001ef8       0x38 ..\obj\stm32_ub_uart.o
                0x08001ef8                USART3_IRQHandler
 .text.USART6_IRQHandler
                0x08001f30       0x38 ..\obj\stm32_ub_uart.o
                0x08001f30                USART6_IRQHandler
 .text.USBD_USR_DeviceDescriptor
                0x08001f68       0x24 ..\obj\usbd_desc.o
                0x08001f68                USBD_USR_DeviceDescriptor
 .text.USBD_USR_LangIDStrDescriptor
                0x08001f8c       0x24 ..\obj\usbd_desc.o
                0x08001f8c                USBD_USR_LangIDStrDescriptor
 .text.USBD_USR_ProductStrDescriptor
                0x08001fb0       0x28 ..\obj\usbd_desc.o
                0x08001fb0                USBD_USR_ProductStrDescriptor
 .text.USBD_USR_ManufacturerStrDescriptor
                0x08001fd8       0x28 ..\obj\usbd_desc.o
                0x08001fd8                USBD_USR_ManufacturerStrDescriptor
 .text.USBD_USR_SerialStrDescriptor
                0x08002000       0x28 ..\obj\usbd_desc.o
                0x08002000                USBD_USR_SerialStrDescriptor
 .text.USBD_USR_ConfigStrDescriptor
                0x08002028       0x28 ..\obj\usbd_desc.o
                0x08002028                USBD_USR_ConfigStrDescriptor
 .text.USBD_USR_InterfaceStrDescriptor
                0x08002050       0x28 ..\obj\usbd_desc.o
                0x08002050                USBD_USR_InterfaceStrDescriptor
 .text.GPIO_Init
                0x08002078      0x11a ..\obj\stm32f4xx_gpio.o
                0x08002078                GPIO_Init
 .text.GPIO_ReadInputDataBit
                0x08002192       0x32 ..\obj\stm32f4xx_gpio.o
                0x08002192                GPIO_ReadInputDataBit
 .text.GPIO_PinAFConfig
                0x080021c4       0x90 ..\obj\stm32f4xx_gpio.o
                0x080021c4                GPIO_PinAFConfig
 .text.VCP_Init
                0x08002254       0x2c ..\obj\usbd_cdc_vcp.o
 .text.VCP_DeInit
                0x08002280        0xe ..\obj\usbd_cdc_vcp.o
 *fill*         0x0800228e        0x2 
 .text.VCP_Ctrl
                0x08002290      0x158 ..\obj\usbd_cdc_vcp.o
 .text.VCP_DataTx
                0x080023e8       0x5c ..\obj\usbd_cdc_vcp.o
 .text.VCP_DataRx
                0x08002444       0x7c ..\obj\usbd_cdc_vcp.o
 .text.UB_VCP_DataTx
                0x080024c0       0x40 ..\obj\usbd_cdc_vcp.o
                0x080024c0                UB_VCP_DataTx
 .text.SystemInit
                0x08002500       0x5c ..\obj\system_stm32f4xx.o
                0x08002500                SystemInit
 .text.SetSysClock
                0x0800255c       0xf4 ..\obj\system_stm32f4xx.o
 .text._sbrk    0x08002650       0x3c ..\obj\syscalls.o
                0x08002650                _sbrk
 .text.USB_OTG_BSP_Init
                0x0800268c       0xa0 ..\obj\usb_bsp.o
                0x0800268c                USB_OTG_BSP_Init
 .text.USB_OTG_BSP_EnableInterrupt
                0x0800272c       0x32 ..\obj\usb_bsp.o
                0x0800272c                USB_OTG_BSP_EnableInterrupt
 *fill*         0x0800275e        0x2 
 .text.USB_OTG_BSP_uDelay
                0x08002760       0x48 ..\obj\usb_bsp.o
                0x08002760                USB_OTG_BSP_uDelay
 .text.USB_OTG_BSP_mDelay
                0x080027a8       0x20 ..\obj\usb_bsp.o
                0x080027a8                USB_OTG_BSP_mDelay
 .text.OTG_FS_IRQHandler
                0x080027c8       0x14 ..\obj\usb_bsp.o
                0x080027c8                OTG_FS_IRQHandler
 .text.USBD_StdDevReq
                0x080027dc       0xa0 ..\obj\usbd_req.o
                0x080027dc                USBD_StdDevReq
 .text.USBD_StdItfReq
                0x0800287c       0x66 ..\obj\usbd_req.o
                0x0800287c                USBD_StdItfReq
 *fill*         0x080028e2        0x2 
 .text.USBD_StdEPReq
                0x080028e4      0x1b0 ..\obj\usbd_req.o
                0x080028e4                USBD_StdEPReq
 .text.USBD_GetDescriptor
                0x08002a94      0x1a8 ..\obj\usbd_req.o
 .text.USBD_SetAddress
                0x08002c3c       0x7c ..\obj\usbd_req.o
 .text.USBD_SetConfig
                0x08002cb8       0xf4 ..\obj\usbd_req.o
 .text.USBD_GetConfig
                0x08002dac       0x60 ..\obj\usbd_req.o
 .text.USBD_GetStatus
                0x08002e0c       0x50 ..\obj\usbd_req.o
 .text.USBD_SetFeature
                0x08002e5c       0xd0 ..\obj\usbd_req.o
 .text.USBD_ClrFeature
                0x08002f2c       0x50 ..\obj\usbd_req.o
 .text.USBD_ParseSetupRequest
                0x08002f7c       0x90 ..\obj\usbd_req.o
                0x08002f7c                USBD_ParseSetupRequest
 .text.USBD_CtlError
                0x0800300c       0x46 ..\obj\usbd_req.o
                0x0800300c                USBD_CtlError
 .text.USBD_GetString
                0x08003052       0x86 ..\obj\usbd_req.o
                0x08003052                USBD_GetString
 .text.USBD_GetLen
                0x080030d8       0x2e ..\obj\usbd_req.o
 .text.USBD_OTG_ISR_Handler
                0x08003106      0x190 ..\obj\usb_dcd_int.o
                0x08003106                USBD_OTG_ISR_Handler
 *fill*         0x08003296        0x2 
 .text.DCD_SessionRequest_ISR
                0x08003298       0x34 ..\obj\usb_dcd_int.o
 .text.DCD_OTG_ISR
                0x080032cc       0x3c ..\obj\usb_dcd_int.o
 .text.DCD_HandleResume_ISR
                0x08003308       0x80 ..\obj\usb_dcd_int.o
 .text.DCD_HandleUSBSuspend_ISR
                0x08003388       0x9c ..\obj\usb_dcd_int.o
 .text.DCD_HandleInEP_ISR
                0x08003424      0x1ec ..\obj\usb_dcd_int.o
 .text.DCD_HandleOutEP_ISR
                0x08003610      0x178 ..\obj\usb_dcd_int.o
 .text.DCD_HandleSof_ISR
                0x08003788       0x34 ..\obj\usb_dcd_int.o
 .text.DCD_HandleRxStatusQueueLevel_ISR
                0x080037bc      0x104 ..\obj\usb_dcd_int.o
 .text.DCD_WriteEmptyTxFifo
                0x080038c0       0xe2 ..\obj\usb_dcd_int.o
 *fill*         0x080039a2        0x2 
 .text.DCD_HandleUsbReset_ISR
                0x080039a4      0x138 ..\obj\usb_dcd_int.o
 .text.DCD_HandleEnumDone_ISR
                0x08003adc       0x78 ..\obj\usb_dcd_int.o
 .text.DCD_IsoINIncomplete_ISR
                0x08003b54       0x34 ..\obj\usb_dcd_int.o
 .text.DCD_IsoOUTIncomplete_ISR
                0x08003b88       0x34 ..\obj\usb_dcd_int.o
 .text.DCD_ReadDevInEP
                0x08003bbc       0x4e ..\obj\usb_dcd_int.o
 *fill*         0x08003c0a        0x2 
 .text.usbd_cdc_Init
                0x08003c0c       0x84 ..\obj\usbd_cdc_core.o
 .text.usbd_cdc_DeInit
                0x08003c90       0x38 ..\obj\usbd_cdc_core.o
 .text.usbd_cdc_Setup
                0x08003cc8      0x120 ..\obj\usbd_cdc_core.o
 .text.usbd_cdc_EP0_RxReady
                0x08003de8       0x40 ..\obj\usbd_cdc_core.o
 .text.usbd_cdc_DataIn
                0x08003e28       0xc4 ..\obj\usbd_cdc_core.o
 .text.usbd_cdc_DataOut
                0x08003eec       0x54 ..\obj\usbd_cdc_core.o
 .text.usbd_cdc_SOF
                0x08003f40       0x30 ..\obj\usbd_cdc_core.o
 .text.Handle_USBAsynchXfer
                0x08003f70      0x100 ..\obj\usbd_cdc_core.o
 .text.USBD_cdc_GetCfgDesc
                0x08004070       0x24 ..\obj\usbd_cdc_core.o
 .text.NVIC_PriorityGroupConfig
                0x08004094       0x24 ..\obj\misc.o
                0x08004094                NVIC_PriorityGroupConfig
 .text.NVIC_Init
                0x080040b8       0xc4 ..\obj\misc.o
                0x080040b8                NVIC_Init
 .text.DCD_Init
                0x0800417c      0x102 ..\obj\usb_dcd.o
                0x0800417c                DCD_Init
 .text.DCD_EP_Open
                0x0800427e       0xac ..\obj\usb_dcd.o
                0x0800427e                DCD_EP_Open
 .text.DCD_EP_Close
                0x0800432a       0x74 ..\obj\usb_dcd.o
                0x0800432a                DCD_EP_Close
 .text.DCD_EP_PrepareRx
                0x0800439e       0x82 ..\obj\usb_dcd.o
                0x0800439e                DCD_EP_PrepareRx
 .text.DCD_EP_Tx
                0x08004420       0x76 ..\obj\usb_dcd.o
                0x08004420                DCD_EP_Tx
 .text.DCD_EP_Stall
                0x08004496       0x76 ..\obj\usb_dcd.o
                0x08004496                DCD_EP_Stall
 .text.DCD_EP_ClrStall
                0x0800450c       0x76 ..\obj\usb_dcd.o
                0x0800450c                DCD_EP_ClrStall
 .text.DCD_EP_SetAddress
                0x08004582       0x3a ..\obj\usb_dcd.o
                0x08004582                DCD_EP_SetAddress
 .text.USBD_CtlSendData
                0x080045bc       0x40 ..\obj\usbd_ioreq.o
                0x080045bc                USBD_CtlSendData
 .text.USBD_CtlContinueSendData
                0x080045fc       0x28 ..\obj\usbd_ioreq.o
                0x080045fc                USBD_CtlContinueSendData
 .text.USBD_CtlPrepareRx
                0x08004624       0x40 ..\obj\usbd_ioreq.o
                0x08004624                USBD_CtlPrepareRx
 .text.USBD_CtlContinueRx
                0x08004664       0x28 ..\obj\usbd_ioreq.o
                0x08004664                USBD_CtlContinueRx
 .text.USBD_CtlSendStatus
                0x0800468c       0x30 ..\obj\usbd_ioreq.o
                0x0800468c                USBD_CtlSendStatus
 .text.USBD_CtlReceiveStatus
                0x080046bc       0x30 ..\obj\usbd_ioreq.o
                0x080046bc                USBD_CtlReceiveStatus
 .text.malloc   0x080046ec       0x10 c:/program files (x86)/gnu tools arm embedded/6 2017-q2-update/bin/../lib/gcc/arm-none-eabi/6.3.1/../../../../arm-none-eabi/lib/thumb/v7e-m\libg.a(lib_a-malloc.o)
                0x080046ec                malloc
 .text._malloc_r
                0x080046fc      0x560 c:/program files (x86)/gnu tools arm embedded/6 2017-q2-update/bin/../lib/gcc/arm-none-eabi/6.3.1/../../../../arm-none-eabi/lib/thumb/v7e-m\libg.a(lib_a-mallocr.o)
                0x080046fc                _malloc_r
 .text.__malloc_lock
                0x08004c5c        0xc c:/program files (x86)/gnu tools arm embedded/6 2017-q2-update/bin/../lib/gcc/arm-none-eabi/6.3.1/../../../../arm-none-eabi/lib/thumb/v7e-m\libg.a(lib_a-mlock.o)
                0x08004c5c                __malloc_lock
 .text.__malloc_unlock
                0x08004c68        0xc c:/program files (x86)/gnu tools arm embedded/6 2017-q2-update/bin/../lib/gcc/arm-none-eabi/6.3.1/../../../../arm-none-eabi/lib/thumb/v7e-m\libg.a(lib_a-mlock.o)
                0x08004c68                __malloc_unlock
 .text._sbrk_r  0x08004c74       0x24 c:/program files (x86)/gnu tools arm embedded/6 2017-q2-update/bin/../lib/gcc/arm-none-eabi/6.3.1/../../../../arm-none-eabi/lib/thumb/v7e-m\libg.a(lib_a-sbrkr.o)
                0x08004c74                _sbrk_r
 *fill*         0x08004c98       0x28 
 .text          0x08004cc0       0xdc c:/program files (x86)/gnu tools arm embedded/6 2017-q2-update/bin/../lib/gcc/arm-none-eabi/6.3.1/../../../../arm-none-eabi/lib/thumb/v7e-m\libg.a(lib_a-strlen.o)
                0x08004cc0                strlen
 .text._malloc_trim_r
                0x08004d9c       0xa0 c:/program files (x86)/gnu tools arm embedded/6 2017-q2-update/bin/../lib/gcc/arm-none-eabi/6.3.1/../../../../arm-none-eabi/lib/thumb/v7e-m\libg.a(lib_a-freer.o)
                0x08004d9c                _malloc_trim_r
 .text._free_r  0x08004e3c      0x1cc c:/program files (x86)/gnu tools arm embedded/6 2017-q2-update/bin/../lib/gcc/arm-none-eabi/6.3.1/../../../../arm-none-eabi/lib/thumb/v7e-m\libg.a(lib_a-freer.o)
                0x08004e3c                _free_r
 .text.__retarget_lock_acquire_recursive
                0x08005008        0x4 c:/program files (x86)/gnu tools arm embedded/6 2017-q2-update/bin/../lib/gcc/arm-none-eabi/6.3.1/../../../../arm-none-eabi/lib/thumb/v7e-m\libg.a(lib_a-lock.o)
                0x08005008                __retarget_lock_acquire_recursive
 .text.__retarget_lock_release_recursive
                0x0800500c        0x4 c:/program files (x86)/gnu tools arm embedded/6 2017-q2-update/bin/../lib/gcc/arm-none-eabi/6.3.1/../../../../arm-none-eabi/lib/thumb/v7e-m\libg.a(lib_a-lock.o)
                0x0800500c                __retarget_lock_release_recursive
 *(.init)
 *(.fini)
 *crtbegin.o(.ctors)
 *crtbegin?.o(.ctors)
 *(EXCLUDE_FILE(*crtend.o *crtend?.o) .ctors)
 *(SORT(.ctors.*))
 *(.ctors)
 *crtbegin.o(.dtors)
 *crtbegin?.o(.dtors)
 *(EXCLUDE_FILE(*crtend.o *crtend?.o) .dtors)
 *(SORT(.dtors.*))
 *(.dtors)
 *(.rodata*)
 .rodata        0x08005010       0x26 ..\obj\main.o
 *fill*         0x08005036        0x2 
 .rodata        0x08005038       0x56 ..\obj\usbd_desc.o
 *(.eh_fram e*)

.glue_7         0x08005090        0x0
 .glue_7        0x08005090        0x0 linker stubs

.glue_7t        0x08005090        0x0
 .glue_7t       0x08005090        0x0 linker stubs

.vfp11_veneer   0x08005090        0x0
 .vfp11_veneer  0x08005090        0x0 linker stubs

.v4_bx          0x08005090        0x0
 .v4_bx         0x08005090        0x0 linker stubs

.iplt           0x08005090        0x0
 .iplt          0x08005090        0x0 ..\obj\usb_core.o

.rel.dyn        0x08005090        0x0
 .rel.iplt      0x08005090        0x0 ..\obj\usb_core.o

.ARM.extab
 *(.ARM.extab* .gnu.linkonce.armextab.*)
                0x08005090                __exidx_start = .

.ARM.exidx
 *(.ARM.exidx* .gnu.linkonce.armexidx.*)
                0x08005090                __exidx_end = .
                0x08005090                __etext = .
                0x0800508e                _sidata = __etext

.data           0x20000000      0x9a0 load address 0x0800508e
                0x20000000                __data_start__ = .
                0x20000000                _sdata = __data_start__
 *(vtable)
 *(.data*)
 .data          0x20000000       0x1c ..\obj\usbd_usr.o
                0x20000000                USR_cb
 .data          0x2000001c       0x30 ..\obj\usbd_core.o
                0x2000001c                USBD_DCD_INT_cb
                0x20000048                USBD_DCD_INT_fops
 .data          0x2000004c       0x10 ..\obj\stm32f4xx_rcc.o
 .data          0x2000005c       0x38 ..\obj\stm32_ub_uart.o
                0x2000005c                UART
 .data          0x20000094       0x40 ..\obj\usbd_desc.o
                0x20000094                USR_desc
                0x200000b0                USBD_DeviceDesc
                0x200000c4                USBD_DeviceQualifierDesc
                0x200000d0                USBD_LangIDDesc
 .data          0x200000d4       0x1c ..\obj\usbd_cdc_vcp.o
                0x200000d4                linecoding
                0x200000dc                VCP_fops
 .data          0x200000f0       0x74 ..\obj\usbd_cdc_core.o
                0x200000f0                usbd_cdc_CfgDesc
                0x20000138                USBD_CDC_cb
 .data.__malloc_av_
                0x20000164      0x408 c:/program files (x86)/gnu tools arm embedded/6 2017-q2-update/bin/../lib/gcc/arm-none-eabi/6.3.1/../../../../arm-none-eabi/lib/thumb/v7e-m\libg.a(lib_a-mallocr.o)
                0x20000164                __malloc_av_
 .data.__malloc_sbrk_base
                0x2000056c        0x4 c:/program files (x86)/gnu tools arm embedded/6 2017-q2-update/bin/../lib/gcc/arm-none-eabi/6.3.1/../../../../arm-none-eabi/lib/thumb/v7e-m\libg.a(lib_a-mallocr.o)
                0x2000056c                __malloc_sbrk_base
 .data.__malloc_trim_threshold
                0x20000570        0x4 c:/program files (x86)/gnu tools arm embedded/6 2017-q2-update/bin/../lib/gcc/arm-none-eabi/6.3.1/../../../../arm-none-eabi/lib/thumb/v7e-m\libg.a(lib_a-mallocr.o)
                0x20000570                __malloc_trim_threshold
 .data._impure_ptr
                0x20000574        0x4 c:/program files (x86)/gnu tools arm embedded/6 2017-q2-update/bin/../lib/gcc/arm-none-eabi/6.3.1/../../../../arm-none-eabi/lib/thumb/v7e-m\libg.a(lib_a-impure.o)
                0x20000574                _impure_ptr
 .data.impure_data
                0x20000578      0x428 c:/program files (x86)/gnu tools arm embedded/6 2017-q2-update/bin/../lib/gcc/arm-none-eabi/6.3.1/../../../../arm-none-eabi/lib/thumb/v7e-m\libg.a(lib_a-impure.o)
                0x200009a0                . = ALIGN (0x4)
                [!provide]                PROVIDE (__preinit_array_start, .)
 *(.preinit_array)
                [!provide]                PROVIDE (__preinit_array_end, .)
                0x200009a0                . = ALIGN (0x4)
                [!provide]                PROVIDE (__init_array_start, .)
 *(SORT(.init_array.*))
 *(.init_array)
                [!provide]                PROVIDE (__init_array_end, .)
                0x200009a0                . = ALIGN (0x4)
                [!provide]                PROVIDE (__fini_array_start, .)
 *(SORT(.fini_array.*))
 *(.fini_array)
                [!provide]                PROVIDE (__fini_array_end, .)
 *(.jcr*)
                0x200009a0                . = ALIGN (0x4)
                0x200009a0                __data_end__ = .
                0x200009a0                _edata = __data_end__

.igot.plt       0x200009a0        0x0 load address 0x08005a30
 .igot.plt      0x200009a0        0x0 ..\obj\usb_core.o

.bss            0x200009a0     0x1000 load address 0x08005a30
                0x200009a0                . = ALIGN (0x4)
                0x200009a0                __bss_start__ = .
                0x200009a0                _sbss = __bss_start__
 *(.bss*)
 .bss           0x200009a0        0x4 ..\obj\syscalls.o
 .bss           0x200009a4        0xd ..\obj\usbd_req.o
                0x200009a4                USBD_ep_status
                0x200009a8                USBD_default_cfg
                0x200009ac                USBD_cfg_status
 *fill*         0x200009b1        0x3 
 .bss           0x200009b4       0x1c ..\obj\usbd_cdc_core.o
                0x200009b8                APP_Rx_ptr_in
                0x200009bc                APP_Rx_ptr_out
                0x200009c0                APP_Rx_length
                0x200009c4                USB_Tx_State
 .bss.__malloc_current_mallinfo
                0x200009d0       0x28 c:/program files (x86)/gnu tools arm embedded/6 2017-q2-update/bin/../lib/gcc/arm-none-eabi/6.3.1/../../../../arm-none-eabi/lib/thumb/v7e-m\libg.a(lib_a-mallocr.o)
                0x200009d0                __malloc_current_mallinfo
 .bss.__malloc_max_sbrked_mem
                0x200009f8        0x4 c:/program files (x86)/gnu tools arm embedded/6 2017-q2-update/bin/../lib/gcc/arm-none-eabi/6.3.1/../../../../arm-none-eabi/lib/thumb/v7e-m\libg.a(lib_a-mallocr.o)
                0x200009f8                __malloc_max_sbrked_mem
 .bss.__malloc_max_total_mem
                0x200009fc        0x4 c:/program files (x86)/gnu tools arm embedded/6 2017-q2-update/bin/../lib/gcc/arm-none-eabi/6.3.1/../../../../arm-none-eabi/lib/thumb/v7e-m\libg.a(lib_a-mallocr.o)
                0x200009fc                __malloc_max_total_mem
 .bss.__malloc_top_pad
                0x20000a00        0x4 c:/program files (x86)/gnu tools arm embedded/6 2017-q2-update/bin/../lib/gcc/arm-none-eabi/6.3.1/../../../../arm-none-eabi/lib/thumb/v7e-m\libg.a(lib_a-mallocr.o)
                0x20000a00                __malloc_top_pad
 *(COMMON)
 COMMON         0x20000a04      0x5f4 ..\obj\stm32_ub_usb_cdc.o
                0x20000a04                USB_CDC_STATUS
                0x20000a08                USB_OTG_dev
 COMMON         0x20000ff8       0x34 ..\obj\stm32_ub_uart.o
                0x20000ff8                UART_RX
 COMMON         0x2000102c       0x8c ..\obj\usbd_cdc_vcp.o
                0x2000102c                APP_Tx_Buffer
                0x200010ac                APP_tx_in_cnt
                0x200010b0                APP_tx_ptr_tail
                0x200010b4                APP_tx_ptr_head
 COMMON         0x200010b8       0x32 ..\obj\usbd_req.o
                0x200010b8                USBD_StrDesc
 *fill*         0x200010ea        0x2 
 COMMON         0x200010ec      0x88c ..\obj\usbd_cdc_core.o
                0x200010ec                usbd_cdc_OtherCfgDesc
                0x20001130                USB_Rx_Buffer
                0x20001170                CmdBuff
                0x20001178                APP_Rx_Buffer
 COMMON         0x20001978       0x21 c:/program files (x86)/gnu tools arm embedded/6 2017-q2-update/bin/../lib/gcc/arm-none-eabi/6.3.1/../../../../arm-none-eabi/lib/thumb/v7e-m\libg.a(lib_a-lock.o)
                0x20001978                __lock___atexit_recursive_mutex
                0x2000197c                __lock___arc4random_mutex
                0x20001980                __lock___env_recursive_mutex
                0x20001984                __lock___sinit_recursive_mutex
                0x20001988                __lock___malloc_recursive_mutex
                0x2000198c                __lock___at_quick_exit_mutex
                0x20001990                __lock___dd_hash_mutex
                0x20001994                __lock___tz_mutex
                0x20001998                __lock___sfp_recursive_mutex
 *fill*         0x20001999        0x3 
 COMMON         0x2000199c        0x4 c:/program files (x86)/gnu tools arm embedded/6 2017-q2-update/bin/../lib/gcc/arm-none-eabi/6.3.1/../../../../arm-none-eabi/lib/thumb/v7e-m\libg.a(lib_a-reent.o)
                0x2000199c                errno
                0x200019a0                . = ALIGN (0x4)
                0x200019a0                __bss_end__ = .
                0x200019a0                _ebss = __bss_end__

.heap           0x200019a0        0x0
                0x200019a0                __end__ = .
                0x200019a0                _end = __end__
                0x200019a0                end = __end__
 *(.heap*)
                0x200019a0                __HeapLimit = .

.co_stack       0x200019a0      0x800 load address 0x08006a30
                0x200019a0                . = ALIGN (0x8)
 *(.co_stack .co_stack.*)
 .co_stack      0x200019a0      0x800 ..\obj\startup_stm32f4xx.o
                0x200019a0                pulStack
                0x20020000                __StackTop = (ORIGIN (ram) + LENGTH (ram))
                0x2001f800                __StackLimit = (__StackTop - SIZEOF (.co_stack))
                [!provide]                PROVIDE (__stack, __StackTop)
                0x00000001                ASSERT ((__StackLimit >= __HeapLimit), region ram  overflowed with stack)
LOAD ..\obj\usb_core.o
LOAD ..\obj\stm32_ub_usb_cdc.o
LOAD ..\obj\usbd_usr.o
LOAD ..\obj\stm32f4xx_usart.o
LOAD ..\obj\startup_stm32f4xx.o
LOAD ..\obj\usbd_core.o
LOAD ..\obj\main.o
LOAD ..\obj\stm32f4xx_rcc.o
LOAD ..\obj\stm32_ub_uart.o
LOAD ..\obj\usbd_desc.o
LOAD ..\obj\stm32f4xx_gpio.o
LOAD ..\obj\usbd_cdc_vcp.o
LOAD ..\obj\system_stm32f4xx.o
LOAD ..\obj\syscalls.o
LOAD ..\obj\usb_bsp.o
LOAD ..\obj\usbd_req.o
LOAD ..\obj\usb_dcd_int.o
LOAD ..\obj\usbd_cdc_core.o
LOAD ..\obj\misc.o
LOAD ..\obj\usb_dcd.o
LOAD ..\obj\usbd_ioreq.o
START GROUP
LOAD c:/program files (x86)/gnu tools arm embedded/6 2017-q2-update/bin/../lib/gcc/arm-none-eabi/6.3.1/thumb/v7e-m\libgcc.a
LOAD c:/program files (x86)/gnu tools arm embedded/6 2017-q2-update/bin/../lib/gcc/arm-none-eabi/6.3.1/../../../../arm-none-eabi/lib/thumb/v7e-m\libg.a
LOAD c:/program files (x86)/gnu tools arm embedded/6 2017-q2-update/bin/../lib/gcc/arm-none-eabi/6.3.1/../../../../arm-none-eabi/lib/thumb/v7e-m\libc.a
END GROUP
OUTPUT(Show_01.elf elf32-littlearm)

.debug_info     0x00000000    0x10abb
 .debug_info    0x00000000     0x2518 ..\obj\usb_core.o
 .debug_info    0x00002518      0xca7 ..\obj\stm32_ub_usb_cdc.o
 .debug_info    0x000031bf      0x4ca ..\obj\usbd_usr.o
 .debug_info    0x00003689      0x9d1 ..\obj\stm32f4xx_usart.o
 .debug_info    0x0000405a      0x10f ..\obj\startup_stm32f4xx.o
 .debug_info    0x00004169      0xeff ..\obj\usbd_core.o
 .debug_info    0x00005068      0xf42 ..\obj\main.o
 .debug_info    0x00005faa      0xc6e ..\obj\stm32f4xx_rcc.o
 .debug_info    0x00006c18      0xa9e ..\obj\stm32_ub_uart.o
 .debug_info    0x000076b6      0x3b1 ..\obj\usbd_desc.o
 .debug_info    0x00007a67      0x621 ..\obj\stm32f4xx_gpio.o
 .debug_info    0x00008088      0x756 ..\obj\usbd_cdc_vcp.o
 .debug_info    0x000087de      0x5cc ..\obj\system_stm32f4xx.o
 .debug_info    0x00008daa      0xc94 ..\obj\syscalls.o
 .debug_info    0x00009a3e      0xfe5 ..\obj\usb_bsp.o
 .debug_info    0x0000aa23     0x102a ..\obj\usbd_req.o
 .debug_info    0x0000ba4d     0x1ec1 ..\obj\usb_dcd_int.o
 .debug_info    0x0000d90e      0xf7b ..\obj\usbd_cdc_core.o
 .debug_info    0x0000e889      0x549 ..\obj\misc.o
 .debug_info    0x0000edd2     0x1020 ..\obj\usb_dcd.o
 .debug_info    0x0000fdf2      0xcc9 ..\obj\usbd_ioreq.o

.debug_abbrev   0x00000000     0x2732
 .debug_abbrev  0x00000000      0x327 ..\obj\usb_core.o
 .debug_abbrev  0x00000327      0x1bc ..\obj\stm32_ub_usb_cdc.o
 .debug_abbrev  0x000004e3      0x146 ..\obj\usbd_usr.o
 .debug_abbrev  0x00000629      0x180 ..\obj\stm32f4xx_usart.o
 .debug_abbrev  0x000007a9       0xbf ..\obj\startup_stm32f4xx.o
 .debug_abbrev  0x00000868      0x1f0 ..\obj\usbd_core.o
 .debug_abbrev  0x00000a58      0x25c ..\obj\main.o
 .debug_abbrev  0x00000cb4      0x1f6 ..\obj\stm32f4xx_rcc.o
 .debug_abbrev  0x00000eaa      0x20b ..\obj\stm32_ub_uart.o
 .debug_abbrev  0x000010b5      0x117 ..\obj\usbd_desc.o
 .debug_abbrev  0x000011cc      0x1b6 ..\obj\stm32f4xx_gpio.o
 .debug_abbrev  0x00001382      0x1b7 ..\obj\usbd_cdc_vcp.o
 .debug_abbrev  0x00001539      0x156 ..\obj\system_stm32f4xx.o
 .debug_abbrev  0x0000168f      0x20d ..\obj\syscalls.o
 .debug_abbrev  0x0000189c      0x20b ..\obj\usb_bsp.o
 .debug_abbrev  0x00001aa7      0x28f ..\obj\usbd_req.o
 .debug_abbrev  0x00001d36      0x295 ..\obj\usb_dcd_int.o
 .debug_abbrev  0x00001fcb      0x229 ..\obj\usbd_cdc_core.o
 .debug_abbrev  0x000021f4      0x170 ..\obj\misc.o
 .debug_abbrev  0x00002364      0x22e ..\obj\usb_dcd.o
 .debug_abbrev  0x00002592      0x1a0 ..\obj\usbd_ioreq.o

.debug_aranges  0x00000000      0xa10
 .debug_aranges
                0x00000000      0x138 ..\obj\usb_core.o
 .debug_aranges
                0x00000138       0x38 ..\obj\stm32_ub_usb_cdc.o
 .debug_aranges
                0x00000170       0x50 ..\obj\usbd_usr.o
 .debug_aranges
                0x000001c0      0x100 ..\obj\stm32f4xx_usart.o
 .debug_aranges
                0x000002c0       0x28 ..\obj\startup_stm32f4xx.o
 .debug_aranges
                0x000002e8       0x90 ..\obj\usbd_core.o
 .debug_aranges
                0x00000378       0x28 ..\obj\main.o
 .debug_aranges
                0x000003a0      0x178 ..\obj\stm32f4xx_rcc.o
 .debug_aranges
                0x00000518       0x78 ..\obj\stm32_ub_uart.o
 .debug_aranges
                0x00000590       0x50 ..\obj\usbd_desc.o
 .debug_aranges
                0x000005e0       0x88 ..\obj\stm32f4xx_gpio.o
 .debug_aranges
                0x00000668       0x50 ..\obj\usbd_cdc_vcp.o
 .debug_aranges
                0x000006b8       0x30 ..\obj\system_stm32f4xx.o
 .debug_aranges
                0x000006e8       0x60 ..\obj\syscalls.o
 .debug_aranges
                0x00000748       0x40 ..\obj\usb_bsp.o
 .debug_aranges
                0x00000788       0x88 ..\obj\usbd_req.o
 .debug_aranges
                0x00000810       0x90 ..\obj\usb_dcd_int.o
 .debug_aranges
                0x000008a0       0x60 ..\obj\usbd_cdc_core.o
 .debug_aranges
                0x00000900       0x40 ..\obj\misc.o
 .debug_aranges
                0x00000940       0x80 ..\obj\usb_dcd.o
 .debug_aranges
                0x000009c0       0x50 ..\obj\usbd_ioreq.o

.debug_ranges   0x00000000      0x8c0
 .debug_ranges  0x00000000      0x128 ..\obj\usb_core.o
 .debug_ranges  0x00000128       0x28 ..\obj\stm32_ub_usb_cdc.o
 .debug_ranges  0x00000150       0x40 ..\obj\usbd_usr.o
 .debug_ranges  0x00000190       0xf0 ..\obj\stm32f4xx_usart.o
 .debug_ranges  0x00000280       0x18 ..\obj\startup_stm32f4xx.o
 .debug_ranges  0x00000298       0x80 ..\obj\usbd_core.o
 .debug_ranges  0x00000318       0x18 ..\obj\main.o
 .debug_ranges  0x00000330      0x168 ..\obj\stm32f4xx_rcc.o
 .debug_ranges  0x00000498       0x68 ..\obj\stm32_ub_uart.o
 .debug_ranges  0x00000500       0x40 ..\obj\usbd_desc.o
 .debug_ranges  0x00000540       0x78 ..\obj\stm32f4xx_gpio.o
 .debug_ranges  0x000005b8       0x40 ..\obj\usbd_cdc_vcp.o
 .debug_ranges  0x000005f8       0x20 ..\obj\system_stm32f4xx.o
 .debug_ranges  0x00000618       0x50 ..\obj\syscalls.o
 .debug_ranges  0x00000668       0x30 ..\obj\usb_bsp.o
 .debug_ranges  0x00000698       0x78 ..\obj\usbd_req.o
 .debug_ranges  0x00000710       0x80 ..\obj\usb_dcd_int.o
 .debug_ranges  0x00000790       0x50 ..\obj\usbd_cdc_core.o
 .debug_ranges  0x000007e0       0x30 ..\obj\misc.o
 .debug_ranges  0x00000810       0x70 ..\obj\usb_dcd.o
 .debug_ranges  0x00000880       0x40 ..\obj\usbd_ioreq.o

.debug_line     0x00000000     0x5027
 .debug_line    0x00000000      0x78d ..\obj\usb_core.o
 .debug_line    0x0000078d      0x345 ..\obj\stm32_ub_usb_cdc.o
 .debug_line    0x00000ad2      0x323 ..\obj\usbd_usr.o
 .debug_line    0x00000df5      0x55b ..\obj\stm32f4xx_usart.o
 .debug_line    0x00001350       0xb9 ..\obj\startup_stm32f4xx.o
 .debug_line    0x00001409      0x3e1 ..\obj\usbd_core.o
 .debug_line    0x000017ea      0x46a ..\obj\main.o
 .debug_line    0x00001c54      0x647 ..\obj\stm32f4xx_rcc.o
 .debug_line    0x0000229b      0x48c ..\obj\stm32_ub_uart.o
 .debug_line    0x00002727      0x2b1 ..\obj\usbd_desc.o
 .debug_line    0x000029d8      0x402 ..\obj\stm32f4xx_gpio.o
 .debug_line    0x00002dda      0x3cd ..\obj\usbd_cdc_vcp.o
 .debug_line    0x000031a7      0x254 ..\obj\system_stm32f4xx.o
 .debug_line    0x000033fb      0x2f8 ..\obj\syscalls.o
 .debug_line    0x000036f3      0x31a ..\obj\usb_bsp.o
 .debug_line    0x00003a0d      0x4ab ..\obj\usbd_req.o
 .debug_line    0x00003eb8      0x487 ..\obj\usb_dcd_int.o
 .debug_line    0x0000433f      0x358 ..\obj\usbd_cdc_core.o
 .debug_line    0x00004697      0x2e0 ..\obj\misc.o
 .debug_line    0x00004977      0x3e4 ..\obj\usb_dcd.o
 .debug_line    0x00004d5b      0x2cc ..\obj\usbd_ioreq.o

.debug_str      0x00000000     0x439a
 .debug_str     0x00000000     0x1358 ..\obj\usb_core.o
                               0x16be (size before relaxing)
 .debug_str     0x00001358      0x1b6 ..\obj\stm32_ub_usb_cdc.o
                                0xaaa (size before relaxing)
 .debug_str     0x0000150e      0x104 ..\obj\usbd_usr.o
                                0x57b (size before relaxing)
 .debug_str     0x00001612      0x520 ..\obj\stm32f4xx_usart.o
                                0x6b7 (size before relaxing)
 .debug_str     0x00001b32       0xda ..\obj\startup_stm32f4xx.o
                                0x171 (size before relaxing)
 .debug_str     0x00001c0c      0x1ba ..\obj\usbd_core.o
                                0xb2a (size before relaxing)
 .debug_str     0x00001dc6      0x620 ..\obj\main.o
                                0xb33 (size before relaxing)
 .debug_str     0x000023e6      0x5d6 ..\obj\stm32f4xx_rcc.o
                                0x878 (size before relaxing)
 .debug_str     0x000029bc      0x76c ..\obj\stm32_ub_uart.o
                                0xb7d (size before relaxing)
 .debug_str     0x00003128      0x135 ..\obj\usbd_desc.o
                                0x3e5 (size before relaxing)
 .debug_str     0x0000325d      0x1bb ..\obj\stm32f4xx_gpio.o
                                0x4cb (size before relaxing)
 .debug_str     0x00003418      0x1a8 ..\obj\usbd_cdc_vcp.o
                                0x655 (size before relaxing)
 .debug_str     0x000035c0      0x120 ..\obj\system_stm32f4xx.o
                                0x3c2 (size before relaxing)
 .debug_str     0x000036e0      0x194 ..\obj\syscalls.o
                                0x749 (size before relaxing)
 .debug_str     0x00003874       0xd6 ..\obj\usb_bsp.o
                               0x10f3 (size before relaxing)
 .debug_str     0x0000394a      0x196 ..\obj\usbd_req.o
                                0xb87 (size before relaxing)
 .debug_str     0x00003ae0      0x36f ..\obj\usb_dcd_int.o
                               0x1397 (size before relaxing)
 .debug_str     0x00003e4f      0x1b4 ..\obj\usbd_cdc_core.o
                                0xba2 (size before relaxing)
 .debug_str     0x00004003      0x179 ..\obj\misc.o
                                0x3f6 (size before relaxing)
 .debug_str     0x0000417c      0x132 ..\obj\usb_dcd.o
                                0xb5e (size before relaxing)
 .debug_str     0x000042ae       0xec ..\obj\usbd_ioreq.o
                                0x9ed (size before relaxing)

.comment        0x00000000       0x7f
 .comment       0x00000000       0x7f ..\obj\usb_core.o
                                 0x80 (size before relaxing)
 .comment       0x0000007f       0x80 ..\obj\stm32_ub_usb_cdc.o
 .comment       0x0000007f       0x80 ..\obj\usbd_usr.o
 .comment       0x0000007f       0x80 ..\obj\stm32f4xx_usart.o
 .comment       0x0000007f       0x80 ..\obj\startup_stm32f4xx.o
 .comment       0x0000007f       0x80 ..\obj\usbd_core.o
 .comment       0x0000007f       0x80 ..\obj\main.o
 .comment       0x0000007f       0x80 ..\obj\stm32f4xx_rcc.o
 .comment       0x0000007f       0x80 ..\obj\stm32_ub_uart.o
 .comment       0x0000007f       0x80 ..\obj\usbd_desc.o
 .comment       0x0000007f       0x80 ..\obj\stm32f4xx_gpio.o
 .comment       0x0000007f       0x80 ..\obj\usbd_cdc_vcp.o
 .comment       0x0000007f       0x80 ..\obj\system_stm32f4xx.o
 .comment       0x0000007f       0x80 ..\obj\syscalls.o
 .comment       0x0000007f       0x80 ..\obj\usb_bsp.o
 .comment       0x0000007f       0x80 ..\obj\usbd_req.o
 .comment       0x0000007f       0x80 ..\obj\usb_dcd_int.o
 .comment       0x0000007f       0x80 ..\obj\usbd_cdc_core.o
 .comment       0x0000007f       0x80 ..\obj\misc.o
 .comment       0x0000007f       0x80 ..\obj\usb_dcd.o
 .comment       0x0000007f       0x80 ..\obj\usbd_ioreq.o

.ARM.attributes
                0x00000000       0x31
 .ARM.attributes
                0x00000000       0x33 ..\obj\usb_core.o
 .ARM.attributes
                0x00000033       0x33 ..\obj\stm32_ub_usb_cdc.o
 .ARM.attributes
                0x00000066       0x33 ..\obj\usbd_usr.o
 .ARM.attributes
                0x00000099       0x33 ..\obj\stm32f4xx_usart.o
 .ARM.attributes
                0x000000cc       0x33 ..\obj\startup_stm32f4xx.o
 .ARM.attributes
                0x000000ff       0x33 ..\obj\usbd_core.o
 .ARM.attributes
                0x00000132       0x33 ..\obj\main.o
 .ARM.attributes
                0x00000165       0x33 ..\obj\stm32f4xx_rcc.o
 .ARM.attributes
                0x00000198       0x33 ..\obj\stm32_ub_uart.o
 .ARM.attributes
                0x000001cb       0x33 ..\obj\usbd_desc.o
 .ARM.attributes
                0x000001fe       0x33 ..\obj\stm32f4xx_gpio.o
 .ARM.attributes
                0x00000231       0x33 ..\obj\usbd_cdc_vcp.o
 .ARM.attributes
                0x00000264       0x33 ..\obj\system_stm32f4xx.o
 .ARM.attributes
                0x00000297       0x33 ..\obj\syscalls.o
 .ARM.attributes
                0x000002ca       0x33 ..\obj\usb_bsp.o
 .ARM.attributes
                0x000002fd       0x33 ..\obj\usbd_req.o
 .ARM.attributes
                0x00000330       0x33 ..\obj\usb_dcd_int.o
 .ARM.attributes
                0x00000363       0x33 ..\obj\usbd_cdc_core.o
 .ARM.attributes
                0x00000396       0x33 ..\obj\misc.o
 .ARM.attributes
                0x000003c9       0x33 ..\obj\usb_dcd.o
 .ARM.attributes
                0x000003fc       0x33 ..\obj\usbd_ioreq.o
 .ARM.attributes
                0x0000042f       0x2e c:/program files (x86)/gnu tools arm embedded/6 2017-q2-update/bin/../lib/gcc/arm-none-eabi/6.3.1/../../../../arm-none-eabi/lib/thumb/v7e-m\libg.a(lib_a-malloc.o)
 .ARM.attributes
                0x0000045d       0x2e c:/program files (x86)/gnu tools arm embedded/6 2017-q2-update/bin/../lib/gcc/arm-none-eabi/6.3.1/../../../../arm-none-eabi/lib/thumb/v7e-m\libg.a(lib_a-mallocr.o)
 .ARM.attributes
                0x0000048b       0x2e c:/program files (x86)/gnu tools arm embedded/6 2017-q2-update/bin/../lib/gcc/arm-none-eabi/6.3.1/../../../../arm-none-eabi/lib/thumb/v7e-m\libg.a(lib_a-mlock.o)
 .ARM.attributes
                0x000004b9       0x2e c:/program files (x86)/gnu tools arm embedded/6 2017-q2-update/bin/../lib/gcc/arm-none-eabi/6.3.1/../../../../arm-none-eabi/lib/thumb/v7e-m\libg.a(lib_a-sbrkr.o)
 .ARM.attributes
                0x000004e7       0x1c c:/program files (x86)/gnu tools arm embedded/6 2017-q2-update/bin/../lib/gcc/arm-none-eabi/6.3.1/../../../../arm-none-eabi/lib/thumb/v7e-m\libg.a(lib_a-strlen.o)
 .ARM.attributes
                0x00000503       0x2e c:/program files (x86)/gnu tools arm embedded/6 2017-q2-update/bin/../lib/gcc/arm-none-eabi/6.3.1/../../../../arm-none-eabi/lib/thumb/v7e-m\libg.a(lib_a-freer.o)
 .ARM.attributes
                0x00000531       0x2e c:/program files (x86)/gnu tools arm embedded/6 2017-q2-update/bin/../lib/gcc/arm-none-eabi/6.3.1/../../../../arm-none-eabi/lib/thumb/v7e-m\libg.a(lib_a-impure.o)
 .ARM.attributes
                0x0000055f       0x2e c:/program files (x86)/gnu tools arm embedded/6 2017-q2-update/bin/../lib/gcc/arm-none-eabi/6.3.1/../../../../arm-none-eabi/lib/thumb/v7e-m\libg.a(lib_a-lock.o)
 .ARM.attributes
                0x0000058d       0x2e c:/program files (x86)/gnu tools arm embedded/6 2017-q2-update/bin/../lib/gcc/arm-none-eabi/6.3.1/../../../../arm-none-eabi/lib/thumb/v7e-m\libg.a(lib_a-reent.o)

.debug_frame    0x00000000     0x29f0
 .debug_frame   0x00000000      0x584 ..\obj\usb_core.o
 .debug_frame   0x00000584       0x9c ..\obj\stm32_ub_usb_cdc.o
 .debug_frame   0x00000620       0xf8 ..\obj\usbd_usr.o
 .debug_frame   0x00000718      0x490 ..\obj\stm32f4xx_usart.o
 .debug_frame   0x00000ba8       0x4c ..\obj\startup_stm32f4xx.o
 .debug_frame   0x00000bf4      0x230 ..\obj\usbd_core.o
 .debug_frame   0x00000e24       0x54 ..\obj\main.o
 .debug_frame   0x00000e78      0x6d4 ..\obj\stm32f4xx_rcc.o
 .debug_frame   0x0000154c      0x1d0 ..\obj\stm32_ub_uart.o
 .debug_frame   0x0000171c      0x114 ..\obj\usbd_desc.o
 .debug_frame   0x00001830      0x23c ..\obj\stm32f4xx_gpio.o
 .debug_frame   0x00001a6c      0x118 ..\obj\usbd_cdc_vcp.o
 .debug_frame   0x00001b84       0x7c ..\obj\system_stm32f4xx.o
 .debug_frame   0x00001c00      0x168 ..\obj\syscalls.o
 .debug_frame   0x00001d68       0xc0 ..\obj\usb_bsp.o
 .debug_frame   0x00001e28      0x210 ..\obj\usbd_req.o
 .debug_frame   0x00002038      0x230 ..\obj\usb_dcd_int.o
 .debug_frame   0x00002268      0x158 ..\obj\usbd_cdc_core.o
 .debug_frame   0x000023c0       0xd8 ..\obj\misc.o
 .debug_frame   0x00002498      0x1e8 ..\obj\usb_dcd.o
 .debug_frame   0x00002680      0x110 ..\obj\usbd_ioreq.o
 .debug_frame   0x00002790       0x30 c:/program files (x86)/gnu tools arm embedded/6 2017-q2-update/bin/../lib/gcc/arm-none-eabi/6.3.1/../../../../arm-none-eabi/lib/thumb/v7e-m\libg.a(lib_a-malloc.o)
 .debug_frame   0x000027c0       0x58 c:/program files (x86)/gnu tools arm embedded/6 2017-q2-update/bin/../lib/gcc/arm-none-eabi/6.3.1/../../../../arm-none-eabi/lib/thumb/v7e-m\libg.a(lib_a-mallocr.o)
 .debug_frame   0x00002818       0x30 c:/program files (x86)/gnu tools arm embedded/6 2017-q2-update/bin/../lib/gcc/arm-none-eabi/6.3.1/../../../../arm-none-eabi/lib/thumb/v7e-m\libg.a(lib_a-mlock.o)
 .debug_frame   0x00002848       0x2c c:/program files (x86)/gnu tools arm embedded/6 2017-q2-update/bin/../lib/gcc/arm-none-eabi/6.3.1/../../../../arm-none-eabi/lib/thumb/v7e-m\libg.a(lib_a-sbrkr.o)
 .debug_frame   0x00002874       0x74 c:/program files (x86)/gnu tools arm embedded/6 2017-q2-update/bin/../lib/gcc/arm-none-eabi/6.3.1/../../../../arm-none-eabi/lib/thumb/v7e-m\libg.a(lib_a-freer.o)
 .debug_frame   0x000028e8       0xb0 c:/program files (x86)/gnu tools arm embedded/6 2017-q2-update/bin/../lib/gcc/arm-none-eabi/6.3.1/../../../../arm-none-eabi/lib/thumb/v7e-m\libg.a(lib_a-lock.o)
 .debug_frame   0x00002998       0x58 c:/program files (x86)/gnu tools arm embedded/6 2017-q2-update/bin/../lib/gcc/arm-none-eabi/6.3.1/../../../../arm-none-eabi/lib/thumb/v7e-m\libg.a(lib_a-reent.o)
